$ opening path
writing to path
closing path file
creating /bin/ path
creating /hello path
creating /hello/world path
creating /hello/world/path path
creating /under path
creating /under/world path
creating /under/world/path path
creating /notIn path
creating /notIn/path path
exiting
$ copying cat to /notIn/path/cat
copying echo to /notIn/path/echo
removing /cat
removing /echo
exiting
$ exec: fail
exec: fail
exec: fail
exec: fail
exec: fail
exec: fail
exec: fail
exec: fail
exec: fail
exec /under/world/pathecho failed
exec: fail
exec /under/world/pathcat failed
$ copying /notIn/path/cat to /bin/cat
copying /notIn/path/echo to /hello/world/path/echo
exiting
$ exec: fail
exec: fail
exec: fail
exec: fail
exec: fail
Hello_World_XV6
$ $ Finished Yehonatan Peleg Test, quiting...